// Jest Snapshot v1, https://goo.gl/fbAQLP

exports[`Renders ProductOverview component 1`] = `<div />`;
